// Jest Snapshot v1, https://goo.gl/fbAQLP

exports[`Testing for navbar component Snapshot for the navbar 1`] = `
Object {
  "asFragment": [Function],
  "baseElement": <body>
    <div>
      <nav
        class="sc-bcXHqe jfQZQS"
      >
        <div
          class="sc-gswNZR dvtPDf"
        >
          <button
            class="sc-hLBbgP kzWCJy"
          />
          <div
            class="sc-eDvSVe cSWuy"
          >
             
            <button
              class="sc-jSUZER bZPjSO"
            />
             
            Nothing in here yet!
          </div>
          <h1
            class="sc-dkrFOg giGPfE"
          >
            Weather App
          </h1>
        </div>
        <div
          class="sc-ftTHYK jLmMgl"
        >
          <button
            class="sc-pyfCe fCtUSr"
            id="stats"
          />
          <button
            class="sc-jrcTuL jGeqSv"
            id="mic"
          />
          <button
            class="sc-kDvujY ktkeZP"
            id="search"
          />
        </div>
        <div
          class="sc-ipEyDJ elAuNy"
        >
          <button
            class="sc-csuSiG lglRZF"
            type="button"
          />
        </div>
      </nav>
    </div>
  </body>,
  "container": <div>
    <nav
      class="sc-bcXHqe jfQZQS"
    >
      <div
        class="sc-gswNZR dvtPDf"
      >
        <button
          class="sc-hLBbgP kzWCJy"
        />
        <div
          class="sc-eDvSVe cSWuy"
        >
           
          <button
            class="sc-jSUZER bZPjSO"
          />
           
          Nothing in here yet!
        </div>
        <h1
          class="sc-dkrFOg giGPfE"
        >
          Weather App
        </h1>
      </div>
      <div
        class="sc-ftTHYK jLmMgl"
      >
        <button
          class="sc-pyfCe fCtUSr"
          id="stats"
        />
        <button
          class="sc-jrcTuL jGeqSv"
          id="mic"
        />
        <button
          class="sc-kDvujY ktkeZP"
          id="search"
        />
      </div>
      <div
        class="sc-ipEyDJ elAuNy"
      >
        <button
          class="sc-csuSiG lglRZF"
          type="button"
        />
      </div>
    </nav>
  </div>,
  "debug": [Function],
  "findAllByAltText": [Function],
  "findAllByDisplayValue": [Function],
  "findAllByLabelText": [Function],
  "findAllByPlaceholderText": [Function],
  "findAllByRole": [Function],
  "findAllByTestId": [Function],
  "findAllByText": [Function],
  "findAllByTitle": [Function],
  "findByAltText": [Function],
  "findByDisplayValue": [Function],
  "findByLabelText": [Function],
  "findByPlaceholderText": [Function],
  "findByRole": [Function],
  "findByTestId": [Function],
  "findByText": [Function],
  "findByTitle": [Function],
  "getAllByAltText": [Function],
  "getAllByDisplayValue": [Function],
  "getAllByLabelText": [Function],
  "getAllByPlaceholderText": [Function],
  "getAllByRole": [Function],
  "getAllByTestId": [Function],
  "getAllByText": [Function],
  "getAllByTitle": [Function],
  "getByAltText": [Function],
  "getByDisplayValue": [Function],
  "getByLabelText": [Function],
  "getByPlaceholderText": [Function],
  "getByRole": [Function],
  "getByTestId": [Function],
  "getByText": [Function],
  "getByTitle": [Function],
  "queryAllByAltText": [Function],
  "queryAllByDisplayValue": [Function],
  "queryAllByLabelText": [Function],
  "queryAllByPlaceholderText": [Function],
  "queryAllByRole": [Function],
  "queryAllByTestId": [Function],
  "queryAllByText": [Function],
  "queryAllByTitle": [Function],
  "queryByAltText": [Function],
  "queryByDisplayValue": [Function],
  "queryByLabelText": [Function],
  "queryByPlaceholderText": [Function],
  "queryByRole": [Function],
  "queryByTestId": [Function],
  "queryByText": [Function],
  "queryByTitle": [Function],
  "rerender": [Function],
  "unmount": [Function],
}
`;
